// Jest Snapshot v1, https://goo.gl/fbAQLP

exports[`<Column /> should render the heading 1`] = `
<main
  class=""
>
  <h1>
    Column
  </h1>
</main>
`;
