// Jest Snapshot v1, https://goo.gl/fbAQLP

exports[`<Row /> should render the heading 1`] = `
<main
  class=""
>
  <h1>
    Row
  </h1>
</main>
`;
